// Jest Snapshot v1, https://goo.gl/fbAQLP

exports[`pruebas en <FirstApp /> debe de hacer match con el snapshot 1`] = `
<div>
  <h1
    data-testid="test-title"
  >
    Hola soy ignacio
  </h1>
  <h3 />
</div>
`;
